Classic Timing Analyzer report for CIRCUITO
Mon May 31 15:47:38 2021
Quartus II Version 9.1 Build 222 10/21/2009 SJ Web Edition


---------------------
; Table of Contents ;
---------------------
  1. Legal Notice
  2. Timing Analyzer Summary
  3. Timing Analyzer Settings
  4. Clock Settings Summary
  5. Parallel Compilation
  6. Clock Setup: 'CLOCK'
  7. tco
  8. Timing Analyzer Messages



----------------
; Legal Notice ;
----------------
Copyright (C) 1991-2009 Altera Corporation
Your use of Altera Corporation's design tools, logic functions 
and other software and tools, and its AMPP partner logic 
functions, and any output files from any of the foregoing 
(including device programming or simulation files), and any 
associated documentation or information are expressly subject 
to the terms and conditions of the Altera Program License 
Subscription Agreement, Altera MegaCore Function License 
Agreement, or other applicable license agreement, including, 
without limitation, that your use is for the sole purpose of 
programming logic devices manufactured by Altera and sold by 
Altera or its authorized distributors.  Please refer to the 
applicable agreement for further details.



+--------------------------------------------------------------------------------------------------------------------------------------------------------------------------------+
; Timing Analyzer Summary                                                                                                                                                        ;
+------------------------------+-------+---------------+------------------------------------------------+----------------+----------------+------------+----------+--------------+
; Type                         ; Slack ; Required Time ; Actual Time                                    ; From           ; To             ; From Clock ; To Clock ; Failed Paths ;
+------------------------------+-------+---------------+------------------------------------------------+----------------+----------------+------------+----------+--------------+
; Worst-case tco               ; N/A   ; None          ; 9.086 ns                                       ; FLIPFLOP:FF5|Q ; MENOR          ; CLOCK      ; --       ; 0            ;
; Clock Setup: 'CLOCK'         ; N/A   ; None          ; Restricted to 420.17 MHz ( period = 2.380 ns ) ; FLIPFLOP:FF2|Q ; FLIPFLOP:FF0|Q ; CLOCK      ; CLOCK    ; 0            ;
; Total number of failed paths ;       ;               ;                                                ;                ;                ;            ;          ; 0            ;
+------------------------------+-------+---------------+------------------------------------------------+----------------+----------------+------------+----------+--------------+


+-----------------------------------------------------------------------------------------------------------------------------------------------------+
; Timing Analyzer Settings                                                                                                                            ;
+------------------------------------------------------------------------------------------------------+--------------------+------+----+-------------+
; Option                                                                                               ; Setting            ; From ; To ; Entity Name ;
+------------------------------------------------------------------------------------------------------+--------------------+------+----+-------------+
; Device Name                                                                                          ; EP2C35F672C6       ;      ;    ;             ;
; Timing Models                                                                                        ; Final              ;      ;    ;             ;
; Default hold multicycle                                                                              ; Same as Multicycle ;      ;    ;             ;
; Cut paths between unrelated clock domains                                                            ; On                 ;      ;    ;             ;
; Cut off read during write signal paths                                                               ; On                 ;      ;    ;             ;
; Cut off feedback from I/O pins                                                                       ; On                 ;      ;    ;             ;
; Report Combined Fast/Slow Timing                                                                     ; Off                ;      ;    ;             ;
; Ignore Clock Settings                                                                                ; Off                ;      ;    ;             ;
; Analyze latches as synchronous elements                                                              ; On                 ;      ;    ;             ;
; Enable Recovery/Removal analysis                                                                     ; Off                ;      ;    ;             ;
; Enable Clock Latency                                                                                 ; Off                ;      ;    ;             ;
; Use TimeQuest Timing Analyzer                                                                        ; Off                ;      ;    ;             ;
; Minimum Core Junction Temperature                                                                    ; 0                  ;      ;    ;             ;
; Maximum Core Junction Temperature                                                                    ; 85                 ;      ;    ;             ;
; Number of source nodes to report per destination node                                                ; 10                 ;      ;    ;             ;
; Number of destination nodes to report                                                                ; 10                 ;      ;    ;             ;
; Number of paths to report                                                                            ; 200                ;      ;    ;             ;
; Report Minimum Timing Checks                                                                         ; Off                ;      ;    ;             ;
; Use Fast Timing Models                                                                               ; Off                ;      ;    ;             ;
; Report IO Paths Separately                                                                           ; Off                ;      ;    ;             ;
; Perform Multicorner Analysis                                                                         ; On                 ;      ;    ;             ;
; Reports the worst-case path for each clock domain and analysis                                       ; Off                ;      ;    ;             ;
; Reports worst-case timing paths for each clock domain and analysis                                   ; On                 ;      ;    ;             ;
; Specifies the maximum number of worst-case timing paths to report for each clock domain and analysis ; 100                ;      ;    ;             ;
; Removes common clock path pessimism (CCPP) during slack computation                                  ; Off                ;      ;    ;             ;
; Output I/O Timing Endpoint                                                                           ; Near End           ;      ;    ;             ;
+------------------------------------------------------------------------------------------------------+--------------------+------+----+-------------+


+------------------------------------------------------------------------------------------------------------------------------------------------------------------------------------+
; Clock Settings Summary                                                                                                                                                             ;
+-----------------+--------------------+----------+------------------+---------------+--------------+----------+-----------------------+---------------------+--------+--------------+
; Clock Node Name ; Clock Setting Name ; Type     ; Fmax Requirement ; Early Latency ; Late Latency ; Based on ; Multiply Base Fmax by ; Divide Base Fmax by ; Offset ; Phase offset ;
+-----------------+--------------------+----------+------------------+---------------+--------------+----------+-----------------------+---------------------+--------+--------------+
; CLOCK           ;                    ; User Pin ; None             ; 0.000 ns      ; 0.000 ns     ; --       ; N/A                   ; N/A                 ; N/A    ;              ;
+-----------------+--------------------+----------+------------------+---------------+--------------+----------+-----------------------+---------------------+--------+--------------+


Parallel compilation was disabled, but you have multiple processors available. Enable parallel compilation to reduce compilation time.
+-------------------------------------+
; Parallel Compilation                ;
+----------------------------+--------+
; Processors                 ; Number ;
+----------------------------+--------+
; Number detected on machine ; 2      ;
; Maximum allowed            ; 1      ;
+----------------------------+--------+


+------------------------------------------------------------------------------------------------------------------------------------------------------------------------------------------------------+
; Clock Setup: 'CLOCK'                                                                                                                                                                                 ;
+-------+------------------------------------------------+----------------+----------------+------------+----------+-----------------------------+---------------------------+-------------------------+
; Slack ; Actual fmax (period)                           ; From           ; To             ; From Clock ; To Clock ; Required Setup Relationship ; Required Longest P2P Time ; Actual Longest P2P Time ;
+-------+------------------------------------------------+----------------+----------------+------------+----------+-----------------------------+---------------------------+-------------------------+
; N/A   ; Restricted to 420.17 MHz ( period = 2.380 ns ) ; FLIPFLOP:FF2|Q ; FLIPFLOP:FF0|Q ; CLOCK      ; CLOCK    ; None                        ; None                      ; 0.815 ns                ;
; N/A   ; Restricted to 420.17 MHz ( period = 2.380 ns ) ; FLIPFLOP:FF0|Q ; FLIPFLOP:FF2|Q ; CLOCK      ; CLOCK    ; None                        ; None                      ; 0.540 ns                ;
; N/A   ; Restricted to 420.17 MHz ( period = 2.380 ns ) ; FLIPFLOP:FF1|Q ; FLIPFLOP:FF0|Q ; CLOCK      ; CLOCK    ; None                        ; None                      ; 0.539 ns                ;
; N/A   ; Restricted to 420.17 MHz ( period = 2.380 ns ) ; FLIPFLOP:FF5|Q ; FLIPFLOP:FF5|Q ; CLOCK      ; CLOCK    ; None                        ; None                      ; 0.407 ns                ;
; N/A   ; Restricted to 420.17 MHz ( period = 2.380 ns ) ; FLIPFLOP:FF4|Q ; FLIPFLOP:FF4|Q ; CLOCK      ; CLOCK    ; None                        ; None                      ; 0.407 ns                ;
; N/A   ; Restricted to 420.17 MHz ( period = 2.380 ns ) ; FLIPFLOP:FF3|Q ; FLIPFLOP:FF3|Q ; CLOCK      ; CLOCK    ; None                        ; None                      ; 0.407 ns                ;
; N/A   ; Restricted to 420.17 MHz ( period = 2.380 ns ) ; FLIPFLOP:FF2|Q ; FLIPFLOP:FF2|Q ; CLOCK      ; CLOCK    ; None                        ; None                      ; 0.407 ns                ;
; N/A   ; Restricted to 420.17 MHz ( period = 2.380 ns ) ; FLIPFLOP:FF0|Q ; FLIPFLOP:FF0|Q ; CLOCK      ; CLOCK    ; None                        ; None                      ; 0.407 ns                ;
; N/A   ; Restricted to 420.17 MHz ( period = 2.380 ns ) ; FLIPFLOP:FF1|Q ; FLIPFLOP:FF1|Q ; CLOCK      ; CLOCK    ; None                        ; None                      ; 0.407 ns                ;
+-------+------------------------------------------------+----------------+----------------+------------+----------+-----------------------------+---------------------------+-------------------------+


+-------------------------------------------------------------------------+
; tco                                                                     ;
+-------+--------------+------------+----------------+-------+------------+
; Slack ; Required tco ; Actual tco ; From           ; To    ; From Clock ;
+-------+--------------+------------+----------------+-------+------------+
; N/A   ; None         ; 9.086 ns   ; FLIPFLOP:FF5|Q ; MENOR ; CLOCK      ;
; N/A   ; None         ; 9.059 ns   ; FLIPFLOP:FF5|Q ; IGUAL ; CLOCK      ;
; N/A   ; None         ; 8.488 ns   ; FLIPFLOP:FF5|Q ; MAIOR ; CLOCK      ;
; N/A   ; None         ; 8.483 ns   ; FLIPFLOP:FF1|Q ; MENOR ; CLOCK      ;
; N/A   ; None         ; 8.457 ns   ; FLIPFLOP:FF1|Q ; IGUAL ; CLOCK      ;
; N/A   ; None         ; 8.445 ns   ; FLIPFLOP:FF0|Q ; MENOR ; CLOCK      ;
; N/A   ; None         ; 8.419 ns   ; FLIPFLOP:FF0|Q ; IGUAL ; CLOCK      ;
; N/A   ; None         ; 8.305 ns   ; FLIPFLOP:FF2|Q ; MENOR ; CLOCK      ;
; N/A   ; None         ; 8.279 ns   ; FLIPFLOP:FF2|Q ; IGUAL ; CLOCK      ;
; N/A   ; None         ; 8.024 ns   ; FLIPFLOP:FF4|Q ; MENOR ; CLOCK      ;
; N/A   ; None         ; 7.999 ns   ; FLIPFLOP:FF4|Q ; IGUAL ; CLOCK      ;
; N/A   ; None         ; 7.889 ns   ; FLIPFLOP:FF1|Q ; MAIOR ; CLOCK      ;
; N/A   ; None         ; 7.851 ns   ; FLIPFLOP:FF0|Q ; MAIOR ; CLOCK      ;
; N/A   ; None         ; 7.711 ns   ; FLIPFLOP:FF2|Q ; MAIOR ; CLOCK      ;
; N/A   ; None         ; 7.432 ns   ; FLIPFLOP:FF4|Q ; MAIOR ; CLOCK      ;
; N/A   ; None         ; 7.330 ns   ; FLIPFLOP:FF3|Q ; MENOR ; CLOCK      ;
; N/A   ; None         ; 7.304 ns   ; FLIPFLOP:FF3|Q ; IGUAL ; CLOCK      ;
; N/A   ; None         ; 6.736 ns   ; FLIPFLOP:FF3|Q ; MAIOR ; CLOCK      ;
+-------+--------------+------------+----------------+-------+------------+


+--------------------------+
; Timing Analyzer Messages ;
+--------------------------+
Info: *******************************************************************
Info: Running Quartus II Classic Timing Analyzer
    Info: Version 9.1 Build 222 10/21/2009 SJ Web Edition
    Info: Processing started: Mon May 31 15:47:37 2021
Info: Command: quartus_tan --read_settings_files=off --write_settings_files=off CIRCUITO -c CIRCUITO --timing_analysis_only
Warning: Found pins functioning as undefined clocks and/or memory enables
    Info: Assuming node "CLOCK" is an undefined clock
Warning: Found 2 node(s) in clock paths which may be acting as ripple and/or gated clocks -- node(s) analyzed as buffer(s) resulting in clock skew
    Info: Detected ripple clock "FLIPFLOP:FF3|Q" as buffer
    Info: Detected ripple clock "FLIPFLOP:FF4|Q" as buffer
Info: Clock "CLOCK" Internal fmax is restricted to 420.17 MHz between source register "FLIPFLOP:FF2|Q" and destination register "FLIPFLOP:FF0|Q"
    Info: fmax restricted to clock pin edge rate 2.38 ns. Expand message to see actual delay path.
        Info: + Longest register to register delay is 0.815 ns
            Info: 1: + IC(0.000 ns) + CELL(0.000 ns) = 0.000 ns; Loc. = LCFF_X3_Y18_N1; Fanout = 4; REG Node = 'FLIPFLOP:FF2|Q'
            Info: 2: + IC(0.311 ns) + CELL(0.420 ns) = 0.731 ns; Loc. = LCCOMB_X3_Y18_N12; Fanout = 1; COMB Node = 'FLIPFLOP:FF0|Q~0'
            Info: 3: + IC(0.000 ns) + CELL(0.084 ns) = 0.815 ns; Loc. = LCFF_X3_Y18_N13; Fanout = 4; REG Node = 'FLIPFLOP:FF0|Q'
            Info: Total cell delay = 0.504 ns ( 61.84 % )
            Info: Total interconnect delay = 0.311 ns ( 38.16 % )
        Info: - Smallest clock skew is 0.000 ns
            Info: + Shortest clock path from clock "CLOCK" to destination register is 2.682 ns
                Info: 1: + IC(0.000 ns) + CELL(0.999 ns) = 0.999 ns; Loc. = PIN_P2; Fanout = 2; CLK Node = 'CLOCK'
                Info: 2: + IC(0.118 ns) + CELL(0.000 ns) = 1.117 ns; Loc. = CLKCTRL_G3; Fanout = 3; COMB Node = 'CLOCK~clkctrl'
                Info: 3: + IC(1.028 ns) + CELL(0.537 ns) = 2.682 ns; Loc. = LCFF_X3_Y18_N13; Fanout = 4; REG Node = 'FLIPFLOP:FF0|Q'
                Info: Total cell delay = 1.536 ns ( 57.27 % )
                Info: Total interconnect delay = 1.146 ns ( 42.73 % )
            Info: - Longest clock path from clock "CLOCK" to source register is 2.682 ns
                Info: 1: + IC(0.000 ns) + CELL(0.999 ns) = 0.999 ns; Loc. = PIN_P2; Fanout = 2; CLK Node = 'CLOCK'
                Info: 2: + IC(0.118 ns) + CELL(0.000 ns) = 1.117 ns; Loc. = CLKCTRL_G3; Fanout = 3; COMB Node = 'CLOCK~clkctrl'
                Info: 3: + IC(1.028 ns) + CELL(0.537 ns) = 2.682 ns; Loc. = LCFF_X3_Y18_N1; Fanout = 4; REG Node = 'FLIPFLOP:FF2|Q'
                Info: Total cell delay = 1.536 ns ( 57.27 % )
                Info: Total interconnect delay = 1.146 ns ( 42.73 % )
        Info: + Micro clock to output delay of source is 0.250 ns
        Info: + Micro setup delay of destination is -0.036 ns
Info: tco from clock "CLOCK" to destination pin "MENOR" through register "FLIPFLOP:FF5|Q" is 9.086 ns
    Info: + Longest clock path from clock "CLOCK" to source register is 4.219 ns
        Info: 1: + IC(0.000 ns) + CELL(0.999 ns) = 0.999 ns; Loc. = PIN_P2; Fanout = 2; CLK Node = 'CLOCK'
        Info: 2: + IC(0.332 ns) + CELL(0.787 ns) = 2.118 ns; Loc. = LCFF_X1_Y18_N15; Fanout = 5; REG Node = 'FLIPFLOP:FF3|Q'
        Info: 3: + IC(0.454 ns) + CELL(0.787 ns) = 3.359 ns; Loc. = LCFF_X2_Y18_N7; Fanout = 6; REG Node = 'FLIPFLOP:FF4|Q'
        Info: 4: + IC(0.323 ns) + CELL(0.537 ns) = 4.219 ns; Loc. = LCFF_X2_Y18_N1; Fanout = 5; REG Node = 'FLIPFLOP:FF5|Q'
        Info: Total cell delay = 3.110 ns ( 73.71 % )
        Info: Total interconnect delay = 1.109 ns ( 26.29 % )
    Info: + Micro clock to output delay of source is 0.250 ns
    Info: + Longest register to pin delay is 4.617 ns
        Info: 1: + IC(0.000 ns) + CELL(0.000 ns) = 0.000 ns; Loc. = LCFF_X2_Y18_N1; Fanout = 5; REG Node = 'FLIPFLOP:FF5|Q'
        Info: 2: + IC(0.330 ns) + CELL(0.420 ns) = 0.750 ns; Loc. = LCCOMB_X2_Y18_N22; Fanout = 1; COMB Node = 'Mux4~0'
        Info: 3: + IC(1.225 ns) + CELL(2.642 ns) = 4.617 ns; Loc. = PIN_M3; Fanout = 0; PIN Node = 'MENOR'
        Info: Total cell delay = 3.062 ns ( 66.32 % )
        Info: Total interconnect delay = 1.555 ns ( 33.68 % )
Info: Quartus II Classic Timing Analyzer was successful. 0 errors, 2 warnings
    Info: Peak virtual memory: 188 megabytes
    Info: Processing ended: Mon May 31 15:47:38 2021
    Info: Elapsed time: 00:00:01
    Info: Total CPU time (on all processors): 00:00:01


