--------------------------------------------------------------------------------------
Timing Analyzer Summary
--------------------------------------------------------------------------------------

Type           : Worst-case tco
Slack          : N/A
Required Time  : None
Actual Time    : 7.095 ns
From           : Q
To             : S
From Clock     : A[0]
To Clock       : --
Failed Paths   : 0

Type           : Worst-case tpd
Slack          : N/A
Required Time  : None
Actual Time    : 5.653 ns
From           : A[0]
To             : S
From Clock     : --
To Clock       : --
Failed Paths   : 0

Type           : Clock Setup: 'A[0]'
Slack          : N/A
Required Time  : None
Actual Time    : Restricted to 420.17 MHz ( period = 2.380 ns )
From           : Q
To             : Q
From Clock     : A[0]
To Clock       : A[0]
Failed Paths   : 0

Type           : Clock Setup: 'A[1]'
Slack          : N/A
Required Time  : None
Actual Time    : Restricted to 420.17 MHz ( period = 2.380 ns )
From           : Q
To             : Q
From Clock     : A[1]
To Clock       : A[1]
Failed Paths   : 0

Type           : Total number of failed paths
Slack          : 
Required Time  : 
Actual Time    : 
From           : 
To             : 
From Clock     : 
To Clock       : 
Failed Paths   : 0

--------------------------------------------------------------------------------------

