Classic Timing Analyzer report for CIRCUITO
Mon May 24 15:27:47 2021
Quartus II Version 9.1 Build 222 10/21/2009 SJ Web Edition


---------------------
; Table of Contents ;
---------------------
  1. Legal Notice
  2. Timing Analyzer Summary
  3. Timing Analyzer Settings
  4. Clock Settings Summary
  5. Parallel Compilation
  6. Clock Setup: 'A[1]'
  7. Clock Setup: 'A[0]'
  8. tco
  9. tpd
 10. Timing Analyzer Messages



----------------
; Legal Notice ;
----------------
Copyright (C) 1991-2009 Altera Corporation
Your use of Altera Corporation's design tools, logic functions 
and other software and tools, and its AMPP partner logic 
functions, and any output files from any of the foregoing 
(including device programming or simulation files), and any 
associated documentation or information are expressly subject 
to the terms and conditions of the Altera Program License 
Subscription Agreement, Altera MegaCore Function License 
Agreement, or other applicable license agreement, including, 
without limitation, that your use is for the sole purpose of 
programming logic devices manufactured by Altera and sold by 
Altera or its authorized distributors.  Please refer to the 
applicable agreement for further details.



+----------------------------------------------------------------------------------------------------------------------------------------------------------+
; Timing Analyzer Summary                                                                                                                                  ;
+------------------------------+-------+---------------+------------------------------------------------+------+----+------------+----------+--------------+
; Type                         ; Slack ; Required Time ; Actual Time                                    ; From ; To ; From Clock ; To Clock ; Failed Paths ;
+------------------------------+-------+---------------+------------------------------------------------+------+----+------------+----------+--------------+
; Worst-case tco               ; N/A   ; None          ; 7.095 ns                                       ; Q    ; S  ; A[0]       ; --       ; 0            ;
; Worst-case tpd               ; N/A   ; None          ; 5.653 ns                                       ; A[0] ; S  ; --         ; --       ; 0            ;
; Clock Setup: 'A[0]'          ; N/A   ; None          ; Restricted to 420.17 MHz ( period = 2.380 ns ) ; Q    ; Q  ; A[0]       ; A[0]     ; 0            ;
; Clock Setup: 'A[1]'          ; N/A   ; None          ; Restricted to 420.17 MHz ( period = 2.380 ns ) ; Q    ; Q  ; A[1]       ; A[1]     ; 0            ;
; Total number of failed paths ;       ;               ;                                                ;      ;    ;            ;          ; 0            ;
+------------------------------+-------+---------------+------------------------------------------------+------+----+------------+----------+--------------+


+-----------------------------------------------------------------------------------------------------------------------------------------------------+
; Timing Analyzer Settings                                                                                                                            ;
+------------------------------------------------------------------------------------------------------+--------------------+------+----+-------------+
; Option                                                                                               ; Setting            ; From ; To ; Entity Name ;
+------------------------------------------------------------------------------------------------------+--------------------+------+----+-------------+
; Device Name                                                                                          ; EP2C35F672C6       ;      ;    ;             ;
; Timing Models                                                                                        ; Final              ;      ;    ;             ;
; Default hold multicycle                                                                              ; Same as Multicycle ;      ;    ;             ;
; Cut paths between unrelated clock domains                                                            ; On                 ;      ;    ;             ;
; Cut off read during write signal paths                                                               ; On                 ;      ;    ;             ;
; Cut off feedback from I/O pins                                                                       ; On                 ;      ;    ;             ;
; Report Combined Fast/Slow Timing                                                                     ; Off                ;      ;    ;             ;
; Ignore Clock Settings                                                                                ; Off                ;      ;    ;             ;
; Analyze latches as synchronous elements                                                              ; On                 ;      ;    ;             ;
; Enable Recovery/Removal analysis                                                                     ; Off                ;      ;    ;             ;
; Enable Clock Latency                                                                                 ; Off                ;      ;    ;             ;
; Use TimeQuest Timing Analyzer                                                                        ; Off                ;      ;    ;             ;
; Minimum Core Junction Temperature                                                                    ; 0                  ;      ;    ;             ;
; Maximum Core Junction Temperature                                                                    ; 85                 ;      ;    ;             ;
; Number of source nodes to report per destination node                                                ; 10                 ;      ;    ;             ;
; Number of destination nodes to report                                                                ; 10                 ;      ;    ;             ;
; Number of paths to report                                                                            ; 200                ;      ;    ;             ;
; Report Minimum Timing Checks                                                                         ; Off                ;      ;    ;             ;
; Use Fast Timing Models                                                                               ; Off                ;      ;    ;             ;
; Report IO Paths Separately                                                                           ; Off                ;      ;    ;             ;
; Perform Multicorner Analysis                                                                         ; On                 ;      ;    ;             ;
; Reports the worst-case path for each clock domain and analysis                                       ; Off                ;      ;    ;             ;
; Reports worst-case timing paths for each clock domain and analysis                                   ; On                 ;      ;    ;             ;
; Specifies the maximum number of worst-case timing paths to report for each clock domain and analysis ; 100                ;      ;    ;             ;
; Removes common clock path pessimism (CCPP) during slack computation                                  ; Off                ;      ;    ;             ;
; Output I/O Timing Endpoint                                                                           ; Near End           ;      ;    ;             ;
+------------------------------------------------------------------------------------------------------+--------------------+------+----+-------------+


+------------------------------------------------------------------------------------------------------------------------------------------------------------------------------------+
; Clock Settings Summary                                                                                                                                                             ;
+-----------------+--------------------+----------+------------------+---------------+--------------+----------+-----------------------+---------------------+--------+--------------+
; Clock Node Name ; Clock Setting Name ; Type     ; Fmax Requirement ; Early Latency ; Late Latency ; Based on ; Multiply Base Fmax by ; Divide Base Fmax by ; Offset ; Phase offset ;
+-----------------+--------------------+----------+------------------+---------------+--------------+----------+-----------------------+---------------------+--------+--------------+
; A[1]            ;                    ; User Pin ; None             ; 0.000 ns      ; 0.000 ns     ; --       ; N/A                   ; N/A                 ; N/A    ;              ;
; A[0]            ;                    ; User Pin ; None             ; 0.000 ns      ; 0.000 ns     ; --       ; N/A                   ; N/A                 ; N/A    ;              ;
+-----------------+--------------------+----------+------------------+---------------+--------------+----------+-----------------------+---------------------+--------+--------------+


Parallel compilation was disabled, but you have multiple processors available. Enable parallel compilation to reduce compilation time.
+-------------------------------------+
; Parallel Compilation                ;
+----------------------------+--------+
; Processors                 ; Number ;
+----------------------------+--------+
; Number detected on machine ; 2      ;
; Maximum allowed            ; 1      ;
+----------------------------+--------+


+--------------------------------------------------------------------------------------------------------------------------------------------------------------------------------+
; Clock Setup: 'A[1]'                                                                                                                                                            ;
+-------+------------------------------------------------+------+----+------------+----------+-----------------------------+---------------------------+-------------------------+
; Slack ; Actual fmax (period)                           ; From ; To ; From Clock ; To Clock ; Required Setup Relationship ; Required Longest P2P Time ; Actual Longest P2P Time ;
+-------+------------------------------------------------+------+----+------------+----------+-----------------------------+---------------------------+-------------------------+
; N/A   ; Restricted to 420.17 MHz ( period = 2.380 ns ) ; Q    ; Q  ; A[1]       ; A[1]     ; None                        ; None                      ; 0.407 ns                ;
+-------+------------------------------------------------+------+----+------------+----------+-----------------------------+---------------------------+-------------------------+


+--------------------------------------------------------------------------------------------------------------------------------------------------------------------------------+
; Clock Setup: 'A[0]'                                                                                                                                                            ;
+-------+------------------------------------------------+------+----+------------+----------+-----------------------------+---------------------------+-------------------------+
; Slack ; Actual fmax (period)                           ; From ; To ; From Clock ; To Clock ; Required Setup Relationship ; Required Longest P2P Time ; Actual Longest P2P Time ;
+-------+------------------------------------------------+------+----+------------+----------+-----------------------------+---------------------------+-------------------------+
; N/A   ; Restricted to 420.17 MHz ( period = 2.380 ns ) ; Q    ; Q  ; A[0]       ; A[0]     ; None                        ; None                      ; 0.407 ns                ;
+-------+------------------------------------------------+------+----+------------+----------+-----------------------------+---------------------------+-------------------------+


+------------------------------------------------------------+
; tco                                                        ;
+-------+--------------+------------+------+----+------------+
; Slack ; Required tco ; Actual tco ; From ; To ; From Clock ;
+-------+--------------+------------+------+----+------------+
; N/A   ; None         ; 7.095 ns   ; Q    ; S  ; A[0]       ;
; N/A   ; None         ; 6.864 ns   ; Q    ; S  ; A[1]       ;
+-------+--------------+------------+------+----+------------+


+---------------------------------------------------------+
; tpd                                                     ;
+-------+-------------------+-----------------+------+----+
; Slack ; Required P2P Time ; Actual P2P Time ; From ; To ;
+-------+-------------------+-----------------+------+----+
; N/A   ; None              ; 5.653 ns        ; A[0] ; S  ;
; N/A   ; None              ; 5.474 ns        ; A[1] ; S  ;
+-------+-------------------+-----------------+------+----+


+--------------------------+
; Timing Analyzer Messages ;
+--------------------------+
Info: *******************************************************************
Info: Running Quartus II Classic Timing Analyzer
    Info: Version 9.1 Build 222 10/21/2009 SJ Web Edition
    Info: Processing started: Mon May 24 15:27:46 2021
Info: Command: quartus_tan --read_settings_files=off --write_settings_files=off CIRCUITO -c CIRCUITO --timing_analysis_only
Warning: Found pins functioning as undefined clocks and/or memory enables
    Info: Assuming node "A[1]" is an undefined clock
    Info: Assuming node "A[0]" is an undefined clock
Warning: Found 1 node(s) in clock paths which may be acting as ripple and/or gated clocks -- node(s) analyzed as buffer(s) resulting in clock skew
    Info: Detected gated clock "Mux0" as buffer
Info: Clock "A[1]" Internal fmax is restricted to 420.17 MHz between source register "Q" and destination register "Q"
    Info: fmax restricted to clock pin edge rate 2.38 ns. Expand message to see actual delay path.
        Info: + Longest register to register delay is 0.407 ns
            Info: 1: + IC(0.000 ns) + CELL(0.000 ns) = 0.000 ns; Loc. = LCFF_X30_Y35_N5; Fanout = 2; REG Node = 'Q'
            Info: 2: + IC(0.000 ns) + CELL(0.323 ns) = 0.323 ns; Loc. = LCCOMB_X30_Y35_N4; Fanout = 1; COMB Node = 'Q~0'
            Info: 3: + IC(0.000 ns) + CELL(0.084 ns) = 0.407 ns; Loc. = LCFF_X30_Y35_N5; Fanout = 2; REG Node = 'Q'
            Info: Total cell delay = 0.407 ns ( 100.00 % )
        Info: - Smallest clock skew is 0.000 ns
            Info: + Shortest clock path from clock "A[1]" to destination register is 2.527 ns
                Info: 1: + IC(0.000 ns) + CELL(0.979 ns) = 0.979 ns; Loc. = PIN_D13; Fanout = 2; CLK Node = 'A[1]'
                Info: 2: + IC(0.637 ns) + CELL(0.150 ns) = 1.766 ns; Loc. = LCCOMB_X30_Y35_N6; Fanout = 1; COMB Node = 'Mux0'
                Info: 3: + IC(0.224 ns) + CELL(0.537 ns) = 2.527 ns; Loc. = LCFF_X30_Y35_N5; Fanout = 2; REG Node = 'Q'
                Info: Total cell delay = 1.666 ns ( 65.93 % )
                Info: Total interconnect delay = 0.861 ns ( 34.07 % )
            Info: - Longest clock path from clock "A[1]" to source register is 2.527 ns
                Info: 1: + IC(0.000 ns) + CELL(0.979 ns) = 0.979 ns; Loc. = PIN_D13; Fanout = 2; CLK Node = 'A[1]'
                Info: 2: + IC(0.637 ns) + CELL(0.150 ns) = 1.766 ns; Loc. = LCCOMB_X30_Y35_N6; Fanout = 1; COMB Node = 'Mux0'
                Info: 3: + IC(0.224 ns) + CELL(0.537 ns) = 2.527 ns; Loc. = LCFF_X30_Y35_N5; Fanout = 2; REG Node = 'Q'
                Info: Total cell delay = 1.666 ns ( 65.93 % )
                Info: Total interconnect delay = 0.861 ns ( 34.07 % )
        Info: + Micro clock to output delay of source is 0.250 ns
        Info: + Micro setup delay of destination is -0.036 ns
Info: Clock "A[0]" Internal fmax is restricted to 420.17 MHz between source register "Q" and destination register "Q"
    Info: fmax restricted to clock pin edge rate 2.38 ns. Expand message to see actual delay path.
        Info: + Longest register to register delay is 0.407 ns
            Info: 1: + IC(0.000 ns) + CELL(0.000 ns) = 0.000 ns; Loc. = LCFF_X30_Y35_N5; Fanout = 2; REG Node = 'Q'
            Info: 2: + IC(0.000 ns) + CELL(0.323 ns) = 0.323 ns; Loc. = LCCOMB_X30_Y35_N4; Fanout = 1; COMB Node = 'Q~0'
            Info: 3: + IC(0.000 ns) + CELL(0.084 ns) = 0.407 ns; Loc. = LCFF_X30_Y35_N5; Fanout = 2; REG Node = 'Q'
            Info: Total cell delay = 0.407 ns ( 100.00 % )
        Info: - Smallest clock skew is 0.000 ns
            Info: + Shortest clock path from clock "A[0]" to destination register is 2.758 ns
                Info: 1: + IC(0.000 ns) + CELL(0.979 ns) = 0.979 ns; Loc. = PIN_C13; Fanout = 2; CLK Node = 'A[0]'
                Info: 2: + IC(0.640 ns) + CELL(0.378 ns) = 1.997 ns; Loc. = LCCOMB_X30_Y35_N6; Fanout = 1; COMB Node = 'Mux0'
                Info: 3: + IC(0.224 ns) + CELL(0.537 ns) = 2.758 ns; Loc. = LCFF_X30_Y35_N5; Fanout = 2; REG Node = 'Q'
                Info: Total cell delay = 1.894 ns ( 68.67 % )
                Info: Total interconnect delay = 0.864 ns ( 31.33 % )
            Info: - Longest clock path from clock "A[0]" to source register is 2.758 ns
                Info: 1: + IC(0.000 ns) + CELL(0.979 ns) = 0.979 ns; Loc. = PIN_C13; Fanout = 2; CLK Node = 'A[0]'
                Info: 2: + IC(0.640 ns) + CELL(0.378 ns) = 1.997 ns; Loc. = LCCOMB_X30_Y35_N6; Fanout = 1; COMB Node = 'Mux0'
                Info: 3: + IC(0.224 ns) + CELL(0.537 ns) = 2.758 ns; Loc. = LCFF_X30_Y35_N5; Fanout = 2; REG Node = 'Q'
                Info: Total cell delay = 1.894 ns ( 68.67 % )
                Info: Total interconnect delay = 0.864 ns ( 31.33 % )
        Info: + Micro clock to output delay of source is 0.250 ns
        Info: + Micro setup delay of destination is -0.036 ns
Info: tco from clock "A[0]" to destination pin "S" through register "Q" is 7.095 ns
    Info: + Longest clock path from clock "A[0]" to source register is 2.758 ns
        Info: 1: + IC(0.000 ns) + CELL(0.979 ns) = 0.979 ns; Loc. = PIN_C13; Fanout = 2; CLK Node = 'A[0]'
        Info: 2: + IC(0.640 ns) + CELL(0.378 ns) = 1.997 ns; Loc. = LCCOMB_X30_Y35_N6; Fanout = 1; COMB Node = 'Mux0'
        Info: 3: + IC(0.224 ns) + CELL(0.537 ns) = 2.758 ns; Loc. = LCFF_X30_Y35_N5; Fanout = 2; REG Node = 'Q'
        Info: Total cell delay = 1.894 ns ( 68.67 % )
        Info: Total interconnect delay = 0.864 ns ( 31.33 % )
    Info: + Micro clock to output delay of source is 0.250 ns
    Info: + Longest register to pin delay is 4.087 ns
        Info: 1: + IC(0.000 ns) + CELL(0.000 ns) = 0.000 ns; Loc. = LCFF_X30_Y35_N5; Fanout = 2; REG Node = 'Q'
        Info: 2: + IC(0.300 ns) + CELL(0.420 ns) = 0.720 ns; Loc. = LCCOMB_X30_Y35_N0; Fanout = 1; COMB Node = 'S~0'
        Info: 3: + IC(0.569 ns) + CELL(2.798 ns) = 4.087 ns; Loc. = PIN_C11; Fanout = 0; PIN Node = 'S'
        Info: Total cell delay = 3.218 ns ( 78.74 % )
        Info: Total interconnect delay = 0.869 ns ( 21.26 % )
Info: Longest tpd from source pin "A[0]" to destination pin "S" is 5.653 ns
    Info: 1: + IC(0.000 ns) + CELL(0.979 ns) = 0.979 ns; Loc. = PIN_C13; Fanout = 2; CLK Node = 'A[0]'
    Info: 2: + IC(0.869 ns) + CELL(0.438 ns) = 2.286 ns; Loc. = LCCOMB_X30_Y35_N0; Fanout = 1; COMB Node = 'S~0'
    Info: 3: + IC(0.569 ns) + CELL(2.798 ns) = 5.653 ns; Loc. = PIN_C11; Fanout = 0; PIN Node = 'S'
    Info: Total cell delay = 4.215 ns ( 74.56 % )
    Info: Total interconnect delay = 1.438 ns ( 25.44 % )
Info: Quartus II Classic Timing Analyzer was successful. 0 errors, 2 warnings
    Info: Peak virtual memory: 187 megabytes
    Info: Processing ended: Mon May 24 15:27:47 2021
    Info: Elapsed time: 00:00:01
    Info: Total CPU time (on all processors): 00:00:01


